// Jest Snapshot v1, https://goo.gl/fbAQLP

exports[`<Base /> should render base template with logo and footer 1`] = `
.c0 {
  display: -webkit-box;
  display: -webkit-flex;
  display: -ms-flexbox;
  display: flex;
  -webkit-box-pack: center;
  -webkit-justify-content: center;
  -ms-flex-pack: center;
  justify-content: center;
  -webkit-align-items: center;
  -webkit-box-align: center;
  -ms-flex-align: center;
  align-items: center;
  min-height: 6.4rem;
  z-index: 20;
  position: fixed;
  top: 0;
  left: auto;
  right: 0;
  width: 100%;
  background-color: #ffffff;
  border-bottom: 1px solid rgba(0,0,0,0.12);
}

.c1 {
  width: 10rem;
  height: 3rem;
}

<section
  class="c0"
>
  <img
    alt="Imagem do logo da Zapt"
    class="c1"
    src="/img/logo.svg"
  />
</section>
`
