// Jest Snapshot v1, https://goo.gl/fbAQLP

exports[`<Container /> should render Container 1`] = `
.c4 {
  font-weight: 400;
  color: #ffffff;
  font-size: 1.4rem;
}

.c3 {
  background: #334BC8;
  padding: 1.6rem 3.2rem;
  border: 0;
  border-radius: 0.4rem;
  cursor: pointer;
}

.c0 {
  display: -webkit-box;
  display: -webkit-flex;
  display: -ms-flexbox;
  display: flex;
  -webkit-box-pack: center;
  -webkit-justify-content: center;
  -ms-flex-pack: center;
  justify-content: center;
  -webkit-align-items: center;
  -webkit-box-align: center;
  -ms-flex-align: center;
  align-items: center;
  height: 100vh;
  position: relative;
}

.c1 {
  position: absolute;
  bottom: 4rem;
}

.c1 .c2 + .c2 {
  margin-left: 0.8rem;
}

<section
  class="c0"
>
  <h1>
    container
  </h1>
  <div
    class="c1"
  >
    <button
      class="c2 c3"
    >
      <span
        class="c4"
        color="white"
      >
        Proximo componente
      </span>
    </button>
  </div>
</section>
`;
