// Jest Snapshot v1, https://goo.gl/fbAQLP

exports[`<CardSocialComment /> should render the heading 1`] = `
.c0 {
  width: 100%;
  max-width: 38.4rem;
  padding: 2.4rem 1.6rem;
  border-radius: 0.4rem;
  background: #EBF4FD;
}

.c0 p {
  font-size: 1.6rem;
  line-height: 137%;
  -webkit-letter-spacing: -0.01em;
  -moz-letter-spacing: -0.01em;
  -ms-letter-spacing: -0.01em;
  letter-spacing: -0.01em;
  color: #011FBB;
}

.c0 p::after {
  content: '”';
}

.c0 p::before {
  content: '“';
}

.c1 {
  display: -webkit-box;
  display: -webkit-flex;
  display: -ms-flexbox;
  display: flex;
  -webkit-align-items: center;
  -webkit-box-align: center;
  -ms-flex-align: center;
  align-items: center;
  gap: 12px;
  margin-top: 1.6rem;
}

.c1 img {
  width: 36px;
  height: 36px;
  object-fit: cover;
  border-radius: 50%;
  border: 1px solid #334BC8;
}

.c1 span {
  font-weight: 500;
  font-size: 1.4rem;
  line-height: 129%;
  -webkit-letter-spacing: -0.01em;
  -moz-letter-spacing: -0.01em;
  -ms-letter-spacing: -0.01em;
  letter-spacing: -0.01em;
  color: #001C33;
}

<div
  class="c0"
>
  <p>
    Eu disse que seria a melhor pessoa para ajudar a criar uma ambiente foda, para construir coisas incríveis
  </p>
  <div
    class="c1"
    title="Alan Gabriel via Twitter"
  >
    <div
      style="display: inline-block; max-width: 100%; overflow: hidden; position: relative; box-sizing: border-box; margin: 0px;"
    >
      <div
        style="box-sizing: border-box; display: block; max-width: 100%;"
      >
        <img
          alt=""
          aria-hidden="true"
          role="presentation"
          src="data:image/svg+xml;base64,PHN2ZyB3aWR0aD0iMzYiIGhlaWdodD0iMzYiIHhtbG5zPSJodHRwOi8vd3d3LnczLm9yZy8yMDAwL3N2ZyIgdmVyc2lvbj0iMS4xIi8+"
          style="max-width: 100%; display: block; margin: 0px; padding: 0px;"
        />
      </div>
      <noscript />
      <img
        alt="Foto de perfil de Alan Gabriel"
        decoding="async"
        src="data:image/gif;base64,R0lGODlhAQABAIAAAAAAAP///yH5BAEAAAAALAAAAAABAAEAAAIBRAA7"
        style="position: absolute; top: 0px; left: 0px; bottom: 0px; right: 0px; box-sizing: border-box; padding: 0px; margin: auto; display: block; width: 0px; height: 0px; min-width: 100%; max-width: 100%; min-height: 100%; max-height: 100%; object-fit: cover;"
      />
    </div>
    <span>
      @
      eualangabriel
    </span>
  </div>
</div>
`
