// Jest Snapshot v1, https://goo.gl/fbAQLP

exports[`<Teardrop /> should render with primary color and normal size by default 1`] = `
.c0 {
  color: #334bc8;
  width: 6.8rem;
  height: 6.8rem;
}

@media (min-width:768px) {
  .c0 {
    width: 10rem;
    height: 10rem;
  }
}

<div
  class="c0"
  color="primary"
>
  <svg
    aria-label="Teardrop"
    fill="none"
    role="img"
    viewBox="0 0 62 62"
    xmlns="http://www.w3.org/2000/svg"
  >
    <path
      d="M0 31C0 13.88 13.88 0 31 0c17.12 0 31 13.88 31 31 0 17.12-13.88 31-31 31H0V31z"
      fill="currentColor"
    />
  </svg>
</div>
`;
