// Jest Snapshot v1, https://goo.gl/fbAQLP

exports[`<Button /> should render the heading 1`] = `
.c0 {
  padding: 1.6rem 3.2rem;
  background-color: #334BC8;
  color: #FFFFFF;
  border: none;
  border-radius: 0.4rem;
  font-size: 1.4rem;
  display: -webkit-inline-box;
  display: -webkit-inline-flex;
  display: -ms-inline-flexbox;
  display: inline-flex;
  -webkit-text-decoration: none;
  text-decoration: none;
  -webkit-align-items: center;
  -webkit-box-align: center;
  -ms-flex-align: center;
  align-items: center;
  text-align: center;
  -webkit-letter-spacing: -0.01em;
  -moz-letter-spacing: -0.01em;
  -ms-letter-spacing: -0.01em;
  letter-spacing: -0.01em;
  -webkit-transition: all 0.3s;
  transition: all 0.3s;
}

.c0:focus {
  box-shadow: 0 0 0 2px #ff2925;
}

.c0:hover {
  background: #495fd1;
}

<button
  class="c0"
>
  Entrar em grupo
</button>
`;
