// Jest Snapshot v1, https://goo.gl/fbAQLP

exports[`<UserCommentsCard /> should render UserCommentsCard 1`] = `
.c0 {
  width: 100%;
  height: 40rem;
  background: url(test img) no-repeat;
  display: -webkit-box;
  display: -webkit-flex;
  display: -ms-flexbox;
  display: flex;
  -webkit-box-pack: start;
  -webkit-justify-content: flex-start;
  -ms-flex-pack: start;
  justify-content: flex-start;
  -webkit-align-items: flex-end;
  -webkit-box-align: flex-end;
  -ms-flex-align: flex-end;
  align-items: flex-end;
  border-radius: 0.4rem;
  position: relative;
  overflow: hidden;
}

.c2 {
  z-index: 1;
}

.c1 {
  position: absolute;
  top: 0;
  left: 0;
  right: 0;
  bottom: 0;
  background: rgba(0,0,0,0.5);
}

<div
  class="c0"
>
  <div
    aria-label="overlay"
    class="c1"
  />
  <div
    class="c2"
  >
    <div
      data-testid="socialCard"
    />
  </div>
</div>
`;
