// Jest Snapshot v1, https://goo.gl/fbAQLP

exports[`<Banner /> should render the banner 1`] = `
.c4 {
  display: -webkit-box;
  display: -webkit-flex;
  display: -ms-flexbox;
  display: flex;
  -webkit-flex-direction: column;
  -ms-flex-direction: column;
  flex-direction: column;
  width: 100%;
}

.c0 {
  display: -webkit-box;
  display: -webkit-flex;
  display: -ms-flexbox;
  display: flex;
  -webkit-flex-direction: row;
  -ms-flex-direction: row;
  flex-direction: row;
  width: 100%;
}

.c1 {
  background-color: #FAFAFA;
  min-height: 31.3rem;
  position: relative;
}

.c2 {
  display: none;
  position: absolute;
  left: -2.5rem;
  top: -2rem;
  opacity: 0;
  -webkit-animation: hRcgSd 0.8s ease forwards;
  animation: hRcgSd 0.8s ease forwards;
}

.c13 {
  display: none;
  position: absolute;
  right: -4.5rem;
  bottom: -3rem;
  opacity: 0;
  -webkit-animation: dcCKBc 0.8s ease forwards;
  animation: dcCKBc 0.8s ease forwards;
}

.c3 {
  -webkit-flex-direction: column-reverse;
  -ms-flex-direction: column-reverse;
  flex-direction: column-reverse;
}

.c5 {
  width: auto;
  -webkit-box-pack: center;
  -webkit-justify-content: center;
  -ms-flex-pack: center;
  justify-content: center;
  padding: 2rem;
}

.c6 {
  opacity: 0;
  -webkit-animation: FTyau 0.8s ease forwards 0.2s;
  animation: FTyau 0.8s ease forwards 0.2s;
  font-size: 2.8rem;
  font-weight: 500;
}

.c7 {
  opacity: 0;
  -webkit-animation: dcCKBc 0.8s ease forwards 0.2s;
  animation: dcCKBc 0.8s ease forwards 0.2s;
  font-size: 1.6rem;
  font-weight: 400;
  color: #7A7A7A;
  line-height: 1.5;
  padding: 1.2rem 0;
}

.c8 {
  opacity: 0;
  -webkit-animation: kSVEJc 0.8s ease forwards 0.4s;
  animation: kSVEJc 0.8s ease forwards 0.4s;
  font-size: 1.6rem;
  font-weight: 500;
  padding: 1rem 0 1.5rem 0;
}

.c9 {
  gap: 1.6rem;
  -webkit-flex-wrap: wrap;
  -ms-flex-wrap: wrap;
  flex-wrap: wrap;
}

.c9 .btn0 {
  opacity: 0;
  -webkit-animation: dcCKBc 0.8s ease forwards 0.7s;
  animation: dcCKBc 0.8s ease forwards 0.7s;
}

.c9 .btn1 {
  opacity: 0;
  -webkit-animation: dcCKBc 0.8s ease forwards 0.9s;
  animation: dcCKBc 0.8s ease forwards 0.9s;
}

.c11 {
  position: relative;
  width: 100%;
  min-width: initial;
  max-width: initial;
  aspect-ratio: 1/0.8;
  opacity: 0;
  -webkit-animation: ffSPMP 2s ease forwards;
  animation: ffSPMP 2s ease forwards;
}

.c11 > div {
  position: initial !important;
}

.c11 img {
  object-fit: cover;
}

.c12 {
  display: none;
  background-image: url(/imgs/waves.svg);
  background-repeat: no-repeat;
  background-position: -0.2rem 0;
  background-size: contain;
  position: absolute;
  left: 0;
  bottom: 0;
}

.c10 {
  cursor: pointer;
  border-radius: 0.4rem;
  font-weight: 400;
  display: -webkit-inline-box;
  display: -webkit-inline-flex;
  display: -ms-inline-flexbox;
  display: inline-flex;
  -webkit-align-items: center;
  -webkit-box-align: center;
  -ms-flex-align: center;
  align-items: center;
  -webkit-box-pack: center;
  -webkit-justify-content: center;
  -ms-flex-pack: center;
  justify-content: center;
  -webkit-flex-wrap: nowrap;
  -ms-flex-wrap: nowrap;
  flex-wrap: nowrap;
  border: 0.1rem solid transparent;
  text-shadow: 0 0 0.3rem rgb(0 0 0 / 60%);
  -webkit-transition: background-color 0.15s ease-in-out;
  transition: background-color 0.15s ease-in-out;
  width: -webkit-fit-content;
  width: -moz-fit-content;
  width: fit-content;
  background-color: #334BC8;
  height: -webkit-min-content;
  height: -moz-min-content;
  height: min-content;
  font-size: 1.4rem;
  padding: 1.6rem 3.2rem;
}

.c10:focus {
  box-shadow: 0 0 0 0.2rem #5872ff,0 0.1rem 1.5rem #3e396b80;
}

.c10:hover {
  background-color: #5872ff;
}

.c10:active {
  box-shadow: none;
}

.c10:disabled,
.c10:disabled:hover {
  opacity: 0.5;
  cursor: not-allowed;
  background-color: #a1a4b0;
}

.c10 span {
  color: #fff;
}

.c10 svg + span {
  margin-left: 1rem;
}

.c10 svg {
  width: 2rem;
  min-width: 2rem;
  height: 2rem;
  min-height: 2rem;
  color: #fff;
}

@media screen and (min-width:800px) {
  .c2 {
    display: block;
  }
}

@media screen and (min-width:800px) {
  .c13 {
    display: block;
  }
}

@media screen and (min-width:800px) {
  .c3 {
    -webkit-flex-direction: row;
    -ms-flex-direction: row;
    flex-direction: row;
  }
}

@media screen and (min-width:600px) {
  .c5 {
    padding: 3rem 5rem;
  }
}

@media screen and (min-width:998px) {
  .c5 {
    padding: 6rem 10rem;
  }
}

@media screen and (min-width:800px) {
  .c11 {
    min-width: 43.3rem;
    max-width: 43.3rem;
  }
}

@media screen and (min-width:800px) {
  .c12 {
    display: -webkit-box;
    display: -webkit-flex;
    display: -ms-flexbox;
    display: flex;
    height: 100%;
  }
}

<div>
  <div
    class="c0 c1"
  >
    <img
      alt="Balão Rosa"
      class="c2"
      height="62"
      src="/imgs/pink-balloon.svg"
      width="62"
    />
    <div
      class="c0 c3"
    >
      <div
        class="c4 c5"
      >
        <div
          class="c4 c6"
        >
          Bem-vindo Marcio,
        </div>
        <div
          class="c4 c7"
        >
          Para você aproveitar nossas oportunidades primeiro você precisa estar dentro de um grupo, estamos aqui para lhe ajudar.
        </div>
        <div
          class="c4 c8"
        >
          O que você prefere?
        </div>
        <div
          class="c0 c9"
        >
          <button
            aria-label="Criar um grupo"
            class="c10 btn0"
            color="blue"
          >
            <span>
              Criar um grupo
            </span>
          </button>
          <button
            aria-label="Entrar em um grupo"
            class="c10 btn1"
            color="blue"
          >
            <span>
              Entrar em um grupo
            </span>
          </button>
        </div>
      </div>
      <div
        class="c0 c11"
      >
        <img
          alt="Banner"
          height="313"
          src="/imgs/persons.jpg"
          width="433"
        />
        <svg
          class="c12"
        />
      </div>
    </div>
    <img
      alt="Balão Roxo"
      class="c13"
      height="100"
      src="/imgs/purple-balloon.svg"
      width="100"
    />
  </div>
</div>
`;
