// Jest Snapshot v1, https://goo.gl/fbAQLP

exports[`<Heading /> should render heading as h1 by default 1`] = `
.c0 {
  font-size: 1.8rem;
  color: #000000;
  font-weight: 500;
}

@media (max-width:550px) {
  .c0 {
    font-size: calc(1.8rem / 1.3);
    line-height: 1.3;
  }
}

<h1
  class="c0"
  color="#000000"
  font-weight="500"
>
  Bem vindo
</h1>
`
