// Jest Snapshot v1, https://goo.gl/fbAQLP

exports[`<Main /> should render the component correctly 1`] = `
.c0 {
  display: -webkit-box;
  display: -webkit-flex;
  display: -ms-flexbox;
  display: flex;
  -webkit-flex-direction: column;
  -ms-flex-direction: column;
  flex-direction: column;
  -webkit-align-items: center;
  -webkit-box-align: center;
  -ms-flex-align: center;
  align-items: center;
  -webkit-box-pack: center;
  -webkit-justify-content: center;
  -ms-flex-pack: center;
  justify-content: center;
  width: 100%;
  height: 100%;
  background-color: #e9f5fe;
  color: #000000;
  padding: 3rem;
  text-align: center;
}

.c1 {
  width: 15rem;
  margin-bottom: 2rem;
}

.c2 {
  font-size: 2rem;
  font-weight: 400;
}

<main
  class="c0"
>
  <img
    alt="Imagem do logo da Zapt"
    class="c1"
    src="/img/logo.svg"
  />
  <h2
    class="c2"
  >
    Junte seus amigos para comprar com desconto
  </h2>
</main>
`
