// Jest Snapshot v1, https://goo.gl/fbAQLP

exports[`<WelcomeImage /> should render correctly 1`] = `
.c3 {
  color: #ffffff;
  width: 8rem;
  height: 8rem;
}

.c5 {
  color: #ffffff;
  width: 17.2rem;
  height: 10.5rem;
}

.c0 {
  position: relative;
  max-height: 31.3rem;
  max-width: 41.8rem;
}

.c1 {
  border-radius: 0 0.4rem 0.4rem 0;
  width: 100%;
  height: 100%;
}

.c2 {
  position: absolute;
  top: 1.6rem;
  left: 7.1rem;
}

.c4 {
  position: absolute;
  bottom: 3.7rem;
  right: 3.8rem;
}

<div
  class="c0"
>
  <img
    alt="Grupo de amigos"
    class="c1"
    src="/img/group.png"
  />
  <div
    class="c2"
  >
    <div
      class="c3"
    >
      <svg
        aria-label="Circle"
        fill="none"
        role="img"
        viewBox="0 0 80 80"
        xmlns="http://www.w3.org/2000/svg"
      >
        <circle
          cx="40"
          cy="40"
          fill="currentColor"
          r="40"
        />
      </svg>
    </div>
  </div>
  <div
    class="c4"
  >
    <div
      class="c5"
    >
      <svg
        aria-label="Quarter Circumference"
        fill="none"
        role="img"
        viewBox="0 0 172 105"
        xmlns="http://www.w3.org/2000/svg"
      >
        <path
          d="M169.115 5.3L128.569.029a3.304 3.304 0 00-3.649 2.513c-1.797 7.762-8.397 29.263-28.145 42.75C77.277 58.603 49.39 61.18 13.84 52.963c-1.769-.41-3.544.658-3.979 2.418L.098 94.936a3.301 3.301 0 002.448 4.007C19.85 102.985 36.09 105 51.236 105c27.976 0 52.174-6.888 72.303-20.632 36.065-24.625 46.109-63.388 48.399-75.176.366-1.865-.936-3.645-2.823-3.891z"
          fill="currentColor"
        />
      </svg>
    </div>
  </div>
</div>
`;
